devctl  profile=dev  environment=known  services 2  running 1  unhealthy 0
[1] Overview   [2] Logs   [3] Runs   [:] Commands
────────────────────────────────────────────
╭────────────────────────────────────────╮
│ Overview                               │
│   NAME          STATE       HEALTH     │
│ > api           ready       unknown    │
│   worker        failed                 │
│ not_running                            │
│                                        │
│ Selected api ready pid:- h:unknown     │
╰────────────────────────────────────────╯
[enter] logs  [u/d/r] lifecycle  [j/k] select
No active operation
